1:47:39 AM [vite] (client) [console.warn] You may test your Stripe.js integration over HTTP. However, live Stripe.js integrations must use HTTPS.
1:47:47 AM [vite] (client) [console.error] [authController] Login error: SyntaxError: Unexpected token 'I', "Invalid CORS request" is not valid JSON
1:47:54 AM [vite] (client) [console.error] [authController] Login error: SyntaxError: Unexpected token 'I', "Invalid CORS request" is not valid JSON
1:48:43 AM [vite] (client) [console.warn] You may test your Stripe.js integration over HTTP. However, live Stripe.js integrations must use HTTPS.
1:49:22 AM [vite] (client) [console.error] [authController] Login error: SyntaxError: Unexpected token 'I', "Invalid CORS request" is not valid JSON
1:49:24 AM [vite] (client) [console.error] [authController] Login error: SyntaxError: Unexpected token 'I', "Invalid CORS request" is not valid JSON
1:50:17 AM [vite] (client) [console.warn] You may test your Stripe.js integration over HTTP. However, live Stripe.js integrations must use HTTPS.
1:52:26 AM [vite] (client) [console.warn] You may test your Stripe.js integration over HTTP. However, live Stripe.js integrations must use HTTPS.
2:01:42 AM [vite] (client) [console.warn] You may test your Stripe.js integration over HTTP. However, live Stripe.js integrations must use HTTPS.
2:15:31 AM [vite] (client) [console.error] React has detected a change in the order of Hooks called by ClubActivitiesView. This will lead to bugs and errors if not fixed. For more information, read the Rules of Hooks: https://react.dev/link/rules-of-hooks

   Previous render            Next render
   ------------------------------------------------------
1. useState                   useState
2. useState                   useState
3. useState                   useState
4. useState                   useState
5. useState                   useState
6. useState                   useState
7. useState                   useState
8. useState                   useState
9. useState                   useState
10. useState                  useState
11. useState                  useState
12. useState                  useState
13. useState                  useState
14. useState                  useState
15. useState                  useState
16. useEffect                 useState
   ^^^^^^^^^^^^^^^^^^^^^^^^^^^^^^^^^^^^^^^^^^^^^^^^^^^^^^

2:15:31 AM [vite] (client) [Unhandled error] Error: Should have a queue. You are likely calling Hooks conditionally, which is not allowed. (https://react.dev/link/invalid-hook-call)
 > updateReducerImpl node_modules/.pnpm/react-dom@19.2.8_react@19.2.8/node_modules/react-dom/cjs/react-dom-client.development.js:7973:14
 > updateReducer node_modules/.pnpm/react-dom@19.2.8_react@19.2.8/node_modules/react-dom/cjs/react-dom-client.development.js:7968:13
 > Object.useState node_modules/.pnpm/react-dom@19.2.8_react@19.2.8/node_modules/react-dom/cjs/react-dom-client.development.js:26511:17
 > exports.useState node_modules/.pnpm/react@19.2.8/node_modules/react/cjs/react.development.js:1263:33
 > useClubController src/controllers/clubController.js:58:50
    56 |  
    57 |    // ── Multi-step Application Form State ────────────────────────
    58 |    const [applyTarget,      setApplyTarget]      = useState(null) // recruitment object or null
       |                                                    ^
    59 |    const [applyStep,        setApplyStep]        = useState(0)    // current step index
    60 |    const [applyForm,        setApplyForm]        = useState({ ...EMPTY_RECRUITMENT_FORM })
 > ClubActivitiesView src/views/pages/ClubActivitiesView.jsx:44:6
 > Object.react_stack_bottom_frame node_modules/.pnpm/react-dom@19.2.8_react@19.2.8/node_modules/react-dom/cjs/react-dom-client.development.js:25904:19
 > renderWithHooks node_modules/.pnpm/react-dom@19.2.8_react@19.2.8/node_modules/react-dom/cjs/react-dom-client.development.js:7662:21
 > updateFunctionComponent node_modules/.pnpm/react-dom@19.2.8_react@19.2.8/node_modules/react-dom/cjs/react-dom-client.development.js:10166:18
 > beginWork node_modules/.pnpm/react-dom@19.2.8_react@19.2.8/node_modules/react-dom/cjs/react-dom-client.development.js:11778:17

2:15:31 AM [vite] (client) [console.warn] An error occurred in the <ClubActivitiesView> component.

Consider adding an error boundary to your tree to customize error handling behavior.
Visit https://react.dev/link/error-boundaries to learn more about error boundaries.

2:19:14 AM [vite] (client) [console.warn] You may test your Stripe.js integration over HTTP. However, live Stripe.js integrations must use HTTPS.
2:24:40 AM [vite] (client) [console.error] React has detected a change in the order of Hooks called by ClubActivitiesView. This will lead to bugs and errors if not fixed. For more information, read the Rules of Hooks: https://react.dev/link/rules-of-hooks

   Previous render            Next render
   ------------------------------------------------------
1. useState                   useState
2. useState                   useState
3. useState                   useState
4. useState                   useState
5. useState                   useState
6. useState                   useState
7. useState                   useState
8. useState                   useState
9. useState                   useState
10. useState                  useState
11. useState                  useState
12. useState                  useState
13. useState                  useState
14. useState                  useState
15. useState                  useState
16. useState                  useState
17. useState                  useState
18. useState                  useState
19. useState                  useState
20. useState                  useState
21. useEffect                 useState
   ^^^^^^^^^^^^^^^^^^^^^^^^^^^^^^^^^^^^^^^^^^^^^^^^^^^^^^

2:24:40 AM [vite] (client) [Unhandled error] Error: Should have a queue. You are likely calling Hooks conditionally, which is not allowed. (https://react.dev/link/invalid-hook-call)
 > updateReducerImpl node_modules/.pnpm/react-dom@19.2.8_react@19.2.8/node_modules/react-dom/cjs/react-dom-client.development.js:7973:14
 > updateReducer node_modules/.pnpm/react-dom@19.2.8_react@19.2.8/node_modules/react-dom/cjs/react-dom-client.development.js:7968:13
 > Object.useState node_modules/.pnpm/react-dom@19.2.8_react@19.2.8/node_modules/react-dom/cjs/react-dom-client.development.js:26511:17
 > exports.useState node_modules/.pnpm/react@19.2.8/node_modules/react/cjs/react.development.js:1263:33
 > useClubController src/controllers/clubController.js:63:50
    61 |    const [applyForm,        setApplyForm]        = useState({ ...EMPTY_RECRUITMENT_FORM })
    62 |    const [applySubmitting,  setApplySubmitting]  = useState(false)
    63 |    const [applyErrors,      setApplyErrors]      = useState({})
       |                                                    ^
    64 |  
    65 |    const totalSteps = RECRUITMENT_FORM_STEPS.length
 > ClubActivitiesView src/views/pages/ClubActivitiesView.jsx:48:6
 > Object.react_stack_bottom_frame node_modules/.pnpm/react-dom@19.2.8_react@19.2.8/node_modules/react-dom/cjs/react-dom-client.development.js:25904:19
 > renderWithHooks node_modules/.pnpm/react-dom@19.2.8_react@19.2.8/node_modules/react-dom/cjs/react-dom-client.development.js:7662:21
 > updateFunctionComponent node_modules/.pnpm/react-dom@19.2.8_react@19.2.8/node_modules/react-dom/cjs/react-dom-client.development.js:10166:18
 > beginWork node_modules/.pnpm/react-dom@19.2.8_react@19.2.8/node_modules/react-dom/cjs/react-dom-client.development.js:11778:17

2:24:40 AM [vite] (client) [console.warn] An error occurred in the <ClubActivitiesView> component.

Consider adding an error boundary to your tree to customize error handling behavior.
Visit https://react.dev/link/error-boundaries to learn more about error boundaries.

2:25:42 AM [vite] (client) [console.warn] You may test your Stripe.js integration over HTTP. However, live Stripe.js integrations must use HTTPS.
